exports[`renderField renders default RenderField correctly 1`] = `
<div
  className="form-group"
  onBlur={[Function]}
  onFocus={[Function]}>
  <label
    className="control-label"
    htmlFor="test">
    Test
  </label>
  <input
    className="form-control"
    name="test"
    type={undefined} />
  <span />
</div>
`;
