exports[`test renders with one element 1`] = `
<div>
  <div>
    <nav
      className="navbar navbar-default">
      <div
        className="container-fluid">
        <div
          className="row col-sm-12">
          <div
            className="navbar-header" />
        </div>
      </div>
    </nav>
  </div>
  <div
    className="container">
    <div
      className="row">
      <div
        className="col-sm-10 col-sm-pull-1 col-sm-push-1">
        <h1>
          Stuff
        </h1>
      </div>
    </div>
  </div>
</div>
`;
