exports[`test renders with two rows and a header 1`] = `
<table
  className="table table-striped">
  <thead>
    <tr>
      <th>
        Id
      </th>
      <th>
        Description
      </th>
    </tr>
  </thead>
  <tbody>
    <tr>
      <td>
        1234
      </td>
      <td>
        This is cool
      </td>
    </tr>
    <tr>
      <td>
        5678
      </td>
      <td>
        This is cooler
      </td>
    </tr>
  </tbody>
</table>
`;
